12:49:24 **** Incremental Build of configuration Debug for project HomeAutomationSystem ****
make -j4 all 
arm-none-eabi-gcc "../Core/Src/task_handler.c" -mcpu=cortex-m4 -std=gnu11 -g3 -DDEBUG -DUSE_HAL_DRIVER -DSTM32F407xx -c -I../Drivers/STM32F4xx_HAL_Driver/Inc -I"C:/Drive D/GitHub/FreeRTOS_Workspace/FreeRTOS/HomeAutomationSystem/Core/Inc" -I"C:/Drive D/GitHub/FreeRTOS_Workspace/FreeRTOS/HomeAutomationSystem/Drivers/STM32F4xx_HAL_Driver/Inc" -I"C:/Drive D/GitHub/FreeRTOS_Workspace/FreeRTOS/Common/ThirdParty/FreeRTOS/include" -I"C:/Drive D/GitHub/FreeRTOS_Workspace/FreeRTOS/Common/ThirdParty/FreeRTOS/portable/GCC/ARM_CM4F" -I"C:/Drive D/GitHub/FreeRTOS_Workspace/FreeRTOS/Common/ThirdParty/FreeRTOS/portable/MemMang" -I../Drivers/STM32F4xx_HAL_Driver/Inc/Legacy -I../Drivers/CMSIS/Device/ST/STM32F4xx/Include -I../Drivers/CMSIS/Include -I../Core/Inc -O0 -ffunction-sections -fdata-sections -Wall -fstack-usage -MMD -MP -MF"Core/Src/task_handler.d" -MT"Core/Src/task_handler.o" --specs=nano.specs -mfpu=fpv4-sp-d16 -mfloat-abi=hard -mthumb -o "Core/Src/task_handler.o"
arm-none-eabi-gcc -o "HomeAutomationSystem.elf" @"objects.list"   -mcpu=cortex-m4 -T"C:\Drive D\GitHub\FreeRTOS_Workspace\FreeRTOS\HomeAutomationSystem\STM32F407VGTX_FLASH.ld" --specs=nosys.specs -Wl,-Map="HomeAutomationSystem.map" -Wl,--gc-sections -static --specs=nano.specs -mfpu=fpv4-sp-d16 -mfloat-abi=hard -mthumb -Wl,--start-group -lc -lm -Wl,--end-group
Finished building target: HomeAutomationSystem.elf
 
arm-none-eabi-size   HomeAutomationSystem.elf 
arm-none-eabi-objdump -h -S  HomeAutomationSystem.elf  > "HomeAutomationSystem.list"
   text	   data	    bss	    dec	    hex	filename
  24820	     32	  78832	 103684	  19504	HomeAutomationSystem.elf
Finished building: default.size.stdout
 
Finished building: HomeAutomationSystem.list
 

12:49:25 Build Finished. 0 errors, 0 warnings. (took 1s.135ms)

