17:49:02 **** Incremental Build of configuration Debug for project HomeAutomationSystem ****
make -j4 all 
arm-none-eabi-gcc "C:/Drive D/GitHub/FreeRTOS_Workspace/FreeRTOS/Common/ThirdParty/FreeRTOS/portable/MemMang/heap_4.c" -mcpu=cortex-m4 -std=gnu11 -g3 -DDEBUG -DUSE_HAL_DRIVER -DSTM32F407xx -c -I../Drivers/STM32F4xx_HAL_Driver/Inc -I"C:/Drive D/GitHub/FreeRTOS_Workspace/FreeRTOS/HomeAutomationSystem/Core/Inc" -I"C:/Drive D/GitHub/FreeRTOS_Workspace/FreeRTOS/HomeAutomationSystem/Drivers/STM32F4xx_HAL_Driver/Inc" -I"C:/Drive D/GitHub/FreeRTOS_Workspace/FreeRTOS/Common/ThirdParty/FreeRTOS/include" -I"C:/Drive D/GitHub/FreeRTOS_Workspace/FreeRTOS/Common/ThirdParty/FreeRTOS/portable/GCC/ARM_CM4F" -I"C:/Drive D/GitHub/FreeRTOS_Workspace/FreeRTOS/Common/ThirdParty/FreeRTOS/portable/MemMang" -I../Drivers/STM32F4xx_HAL_Driver/Inc/Legacy -I../Drivers/CMSIS/Device/ST/STM32F4xx/Include -I../Drivers/CMSIS/Include -I../Core/Inc -O0 -ffunction-sections -fdata-sections -Wall -fstack-usage -MMD -MP -MF"Common/ThirdParty/FreeRTOS/portable/MemMang/heap_4.d" -MT"Common/ThirdParty/FreeRTOS/portable/MemMang/heap_4.o" --specs=nano.specs -mfpu=fpv4-sp-d16 -mfloat-abi=hard -mthumb -o "Common/ThirdParty/FreeRTOS/portable/MemMang/heap_4.o"
arm-none-eabi-gcc "C:/Drive D/GitHub/FreeRTOS_Workspace/FreeRTOS/Common/ThirdParty/FreeRTOS/portable/GCC/ARM_CM4F/port.c" -mcpu=cortex-m4 -std=gnu11 -g3 -DDEBUG -DUSE_HAL_DRIVER -DSTM32F407xx -c -I../Drivers/STM32F4xx_HAL_Driver/Inc -I"C:/Drive D/GitHub/FreeRTOS_Workspace/FreeRTOS/HomeAutomationSystem/Core/Inc" -I"C:/Drive D/GitHub/FreeRTOS_Workspace/FreeRTOS/HomeAutomationSystem/Drivers/STM32F4xx_HAL_Driver/Inc" -I"C:/Drive D/GitHub/FreeRTOS_Workspace/FreeRTOS/Common/ThirdParty/FreeRTOS/include" -I"C:/Drive D/GitHub/FreeRTOS_Workspace/FreeRTOS/Common/ThirdParty/FreeRTOS/portable/GCC/ARM_CM4F" -I"C:/Drive D/GitHub/FreeRTOS_Workspace/FreeRTOS/Common/ThirdParty/FreeRTOS/portable/MemMang" -I../Drivers/STM32F4xx_HAL_Driver/Inc/Legacy -I../Drivers/CMSIS/Device/ST/STM32F4xx/Include -I../Drivers/CMSIS/Include -I../Core/Inc -O0 -ffunction-sections -fdata-sections -Wall -fstack-usage -MMD -MP -MF"Common/ThirdParty/FreeRTOS/portable/GCC/ARM_CM4F/port.d" -MT"Common/ThirdParty/FreeRTOS/portable/GCC/ARM_CM4F/port.o" --specs=nano.specs -mfpu=fpv4-sp-d16 -mfloat-abi=hard -mthumb -o "Common/ThirdParty/FreeRTOS/portable/GCC/ARM_CM4F/port.o"
arm-none-eabi-gcc "C:/Drive D/GitHub/FreeRTOS_Workspace/FreeRTOS/Common/ThirdParty/FreeRTOS/croutine.c" -mcpu=cortex-m4 -std=gnu11 -g3 -DDEBUG -DUSE_HAL_DRIVER -DSTM32F407xx -c -I../Drivers/STM32F4xx_HAL_Driver/Inc -I"C:/Drive D/GitHub/FreeRTOS_Workspace/FreeRTOS/HomeAutomationSystem/Core/Inc" -I"C:/Drive D/GitHub/FreeRTOS_Workspace/FreeRTOS/HomeAutomationSystem/Drivers/STM32F4xx_HAL_Driver/Inc" -I"C:/Drive D/GitHub/FreeRTOS_Workspace/FreeRTOS/Common/ThirdParty/FreeRTOS/include" -I"C:/Drive D/GitHub/FreeRTOS_Workspace/FreeRTOS/Common/ThirdParty/FreeRTOS/portable/GCC/ARM_CM4F" -I"C:/Drive D/GitHub/FreeRTOS_Workspace/FreeRTOS/Common/ThirdParty/FreeRTOS/portable/MemMang" -I../Drivers/STM32F4xx_HAL_Driver/Inc/Legacy -I../Drivers/CMSIS/Device/ST/STM32F4xx/Include -I../Drivers/CMSIS/Include -I../Core/Inc -O0 -ffunction-sections -fdata-sections -Wall -fstack-usage -MMD -MP -MF"Common/ThirdParty/FreeRTOS/croutine.d" -MT"Common/ThirdParty/FreeRTOS/croutine.o" --specs=nano.specs -mfpu=fpv4-sp-d16 -mfloat-abi=hard -mthumb -o "Common/ThirdParty/FreeRTOS/croutine.o"
arm-none-eabi-gcc "C:/Drive D/GitHub/FreeRTOS_Workspace/FreeRTOS/Common/ThirdParty/FreeRTOS/event_groups.c" -mcpu=cortex-m4 -std=gnu11 -g3 -DDEBUG -DUSE_HAL_DRIVER -DSTM32F407xx -c -I../Drivers/STM32F4xx_HAL_Driver/Inc -I"C:/Drive D/GitHub/FreeRTOS_Workspace/FreeRTOS/HomeAutomationSystem/Core/Inc" -I"C:/Drive D/GitHub/FreeRTOS_Workspace/FreeRTOS/HomeAutomationSystem/Drivers/STM32F4xx_HAL_Driver/Inc" -I"C:/Drive D/GitHub/FreeRTOS_Workspace/FreeRTOS/Common/ThirdParty/FreeRTOS/include" -I"C:/Drive D/GitHub/FreeRTOS_Workspace/FreeRTOS/Common/ThirdParty/FreeRTOS/portable/GCC/ARM_CM4F" -I"C:/Drive D/GitHub/FreeRTOS_Workspace/FreeRTOS/Common/ThirdParty/FreeRTOS/portable/MemMang" -I../Drivers/STM32F4xx_HAL_Driver/Inc/Legacy -I../Drivers/CMSIS/Device/ST/STM32F4xx/Include -I../Drivers/CMSIS/Include -I../Core/Inc -O0 -ffunction-sections -fdata-sections -Wall -fstack-usage -MMD -MP -MF"Common/ThirdParty/FreeRTOS/event_groups.d" -MT"Common/ThirdParty/FreeRTOS/event_groups.o" --specs=nano.specs -mfpu=fpv4-sp-d16 -mfloat-abi=hard -mthumb -o "Common/ThirdParty/FreeRTOS/event_groups.o"
arm-none-eabi-gcc "C:/Drive D/GitHub/FreeRTOS_Workspace/FreeRTOS/Common/ThirdParty/FreeRTOS/list.c" -mcpu=cortex-m4 -std=gnu11 -g3 -DDEBUG -DUSE_HAL_DRIVER -DSTM32F407xx -c -I../Drivers/STM32F4xx_HAL_Driver/Inc -I"C:/Drive D/GitHub/FreeRTOS_Workspace/FreeRTOS/HomeAutomationSystem/Core/Inc" -I"C:/Drive D/GitHub/FreeRTOS_Workspace/FreeRTOS/HomeAutomationSystem/Drivers/STM32F4xx_HAL_Driver/Inc" -I"C:/Drive D/GitHub/FreeRTOS_Workspace/FreeRTOS/Common/ThirdParty/FreeRTOS/include" -I"C:/Drive D/GitHub/FreeRTOS_Workspace/FreeRTOS/Common/ThirdParty/FreeRTOS/portable/GCC/ARM_CM4F" -I"C:/Drive D/GitHub/FreeRTOS_Workspace/FreeRTOS/Common/ThirdParty/FreeRTOS/portable/MemMang" -I../Drivers/STM32F4xx_HAL_Driver/Inc/Legacy -I../Drivers/CMSIS/Device/ST/STM32F4xx/Include -I../Drivers/CMSIS/Include -I../Core/Inc -O0 -ffunction-sections -fdata-sections -Wall -fstack-usage -MMD -MP -MF"Common/ThirdParty/FreeRTOS/list.d" -MT"Common/ThirdParty/FreeRTOS/list.o" --specs=nano.specs -mfpu=fpv4-sp-d16 -mfloat-abi=hard -mthumb -o "Common/ThirdParty/FreeRTOS/list.o"
arm-none-eabi-gcc "C:/Drive D/GitHub/FreeRTOS_Workspace/FreeRTOS/Common/ThirdParty/FreeRTOS/queue.c" -mcpu=cortex-m4 -std=gnu11 -g3 -DDEBUG -DUSE_HAL_DRIVER -DSTM32F407xx -c -I../Drivers/STM32F4xx_HAL_Driver/Inc -I"C:/Drive D/GitHub/FreeRTOS_Workspace/FreeRTOS/HomeAutomationSystem/Core/Inc" -I"C:/Drive D/GitHub/FreeRTOS_Workspace/FreeRTOS/HomeAutomationSystem/Drivers/STM32F4xx_HAL_Driver/Inc" -I"C:/Drive D/GitHub/FreeRTOS_Workspace/FreeRTOS/Common/ThirdParty/FreeRTOS/include" -I"C:/Drive D/GitHub/FreeRTOS_Workspace/FreeRTOS/Common/ThirdParty/FreeRTOS/portable/GCC/ARM_CM4F" -I"C:/Drive D/GitHub/FreeRTOS_Workspace/FreeRTOS/Common/ThirdParty/FreeRTOS/portable/MemMang" -I../Drivers/STM32F4xx_HAL_Driver/Inc/Legacy -I../Drivers/CMSIS/Device/ST/STM32F4xx/Include -I../Drivers/CMSIS/Include -I../Core/Inc -O0 -ffunction-sections -fdata-sections -Wall -fstack-usage -MMD -MP -MF"Common/ThirdParty/FreeRTOS/queue.d" -MT"Common/ThirdParty/FreeRTOS/queue.o" --specs=nano.specs -mfpu=fpv4-sp-d16 -mfloat-abi=hard -mthumb -o "Common/ThirdParty/FreeRTOS/queue.o"
arm-none-eabi-gcc "C:/Drive D/GitHub/FreeRTOS_Workspace/FreeRTOS/Common/ThirdParty/FreeRTOS/stream_buffer.c" -mcpu=cortex-m4 -std=gnu11 -g3 -DDEBUG -DUSE_HAL_DRIVER -DSTM32F407xx -c -I../Drivers/STM32F4xx_HAL_Driver/Inc -I"C:/Drive D/GitHub/FreeRTOS_Workspace/FreeRTOS/HomeAutomationSystem/Core/Inc" -I"C:/Drive D/GitHub/FreeRTOS_Workspace/FreeRTOS/HomeAutomationSystem/Drivers/STM32F4xx_HAL_Driver/Inc" -I"C:/Drive D/GitHub/FreeRTOS_Workspace/FreeRTOS/Common/ThirdParty/FreeRTOS/include" -I"C:/Drive D/GitHub/FreeRTOS_Workspace/FreeRTOS/Common/ThirdParty/FreeRTOS/portable/GCC/ARM_CM4F" -I"C:/Drive D/GitHub/FreeRTOS_Workspace/FreeRTOS/Common/ThirdParty/FreeRTOS/portable/MemMang" -I../Drivers/STM32F4xx_HAL_Driver/Inc/Legacy -I../Drivers/CMSIS/Device/ST/STM32F4xx/Include -I../Drivers/CMSIS/Include -I../Core/Inc -O0 -ffunction-sections -fdata-sections -Wall -fstack-usage -MMD -MP -MF"Common/ThirdParty/FreeRTOS/stream_buffer.d" -MT"Common/ThirdParty/FreeRTOS/stream_buffer.o" --specs=nano.specs -mfpu=fpv4-sp-d16 -mfloat-abi=hard -mthumb -o "Common/ThirdParty/FreeRTOS/stream_buffer.o"
arm-none-eabi-gcc "C:/Drive D/GitHub/FreeRTOS_Workspace/FreeRTOS/Common/ThirdParty/FreeRTOS/tasks.c" -mcpu=cortex-m4 -std=gnu11 -g3 -DDEBUG -DUSE_HAL_DRIVER -DSTM32F407xx -c -I../Drivers/STM32F4xx_HAL_Driver/Inc -I"C:/Drive D/GitHub/FreeRTOS_Workspace/FreeRTOS/HomeAutomationSystem/Core/Inc" -I"C:/Drive D/GitHub/FreeRTOS_Workspace/FreeRTOS/HomeAutomationSystem/Drivers/STM32F4xx_HAL_Driver/Inc" -I"C:/Drive D/GitHub/FreeRTOS_Workspace/FreeRTOS/Common/ThirdParty/FreeRTOS/include" -I"C:/Drive D/GitHub/FreeRTOS_Workspace/FreeRTOS/Common/ThirdParty/FreeRTOS/portable/GCC/ARM_CM4F" -I"C:/Drive D/GitHub/FreeRTOS_Workspace/FreeRTOS/Common/ThirdParty/FreeRTOS/portable/MemMang" -I../Drivers/STM32F4xx_HAL_Driver/Inc/Legacy -I../Drivers/CMSIS/Device/ST/STM32F4xx/Include -I../Drivers/CMSIS/Include -I../Core/Inc -O0 -ffunction-sections -fdata-sections -Wall -fstack-usage -MMD -MP -MF"Common/ThirdParty/FreeRTOS/tasks.d" -MT"Common/ThirdParty/FreeRTOS/tasks.o" --specs=nano.specs -mfpu=fpv4-sp-d16 -mfloat-abi=hard -mthumb -o "Common/ThirdParty/FreeRTOS/tasks.o"
arm-none-eabi-gcc "C:/Drive D/GitHub/FreeRTOS_Workspace/FreeRTOS/Common/ThirdParty/FreeRTOS/timers.c" -mcpu=cortex-m4 -std=gnu11 -g3 -DDEBUG -DUSE_HAL_DRIVER -DSTM32F407xx -c -I../Drivers/STM32F4xx_HAL_Driver/Inc -I"C:/Drive D/GitHub/FreeRTOS_Workspace/FreeRTOS/HomeAutomationSystem/Core/Inc" -I"C:/Drive D/GitHub/FreeRTOS_Workspace/FreeRTOS/HomeAutomationSystem/Drivers/STM32F4xx_HAL_Driver/Inc" -I"C:/Drive D/GitHub/FreeRTOS_Workspace/FreeRTOS/Common/ThirdParty/FreeRTOS/include" -I"C:/Drive D/GitHub/FreeRTOS_Workspace/FreeRTOS/Common/ThirdParty/FreeRTOS/portable/GCC/ARM_CM4F" -I"C:/Drive D/GitHub/FreeRTOS_Workspace/FreeRTOS/Common/ThirdParty/FreeRTOS/portable/MemMang" -I../Drivers/STM32F4xx_HAL_Driver/Inc/Legacy -I../Drivers/CMSIS/Device/ST/STM32F4xx/Include -I../Drivers/CMSIS/Include -I../Core/Inc -O0 -ffunction-sections -fdata-sections -Wall -fstack-usage -MMD -MP -MF"Common/ThirdParty/FreeRTOS/timers.d" -MT"Common/ThirdParty/FreeRTOS/timers.o" --specs=nano.specs -mfpu=fpv4-sp-d16 -mfloat-abi=hard -mthumb -o "Common/ThirdParty/FreeRTOS/timers.o"
arm-none-eabi-gcc -o "HomeAutomationSystem.elf" @"objects.list"   -mcpu=cortex-m4 -T"C:\Drive D\GitHub\FreeRTOS_Workspace\FreeRTOS\HomeAutomationSystem\STM32F407VGTX_FLASH.ld" --specs=nosys.specs -Wl,-Map="HomeAutomationSystem.map" -Wl,--gc-sections -static --specs=nano.specs -mfpu=fpv4-sp-d16 -mfloat-abi=hard -mthumb -Wl,--start-group -lc -lm -Wl,--end-group
Finished building target: HomeAutomationSystem.elf
 
arm-none-eabi-size   HomeAutomationSystem.elf 
arm-none-eabi-objdump -h -S  HomeAutomationSystem.elf  > "HomeAutomationSystem.list"
   text	   data	    bss	    dec	    hex	filename
   9124	     20	   1780	  10924	   2aac	HomeAutomationSystem.elf
Finished building: default.size.stdout
 
Finished building: HomeAutomationSystem.list
 

17:49:05 Build Finished. 0 errors, 0 warnings. (took 2s.952ms)

